// Jest Snapshot v1, https://goo.gl/fbAQLP

exports[`should render Genre correctly 1`] = `
<SelectInput
  options={
    Array [
      "Please select",
      "Romance",
      "Erotica",
      "Mystery/Thriller",
      "Science Fiction",
      "Young Adult",
      "Literary Fiction",
      "Children",
    ]
  }
/>
`;
