// Jest Snapshot v1, https://goo.gl/fbAQLP

exports[`should render AlertsSubmitter correctly 1`] = `
<AlertsComponent
  amazonURL=""
  asin=""
  authorBio=""
  calendarFocus={null}
  currentPage="AlertsPage1"
  description=""
  email=""
  endDate={"2017-02-14T12:51:48.000Z"}
  error=""
  firstName=""
  genre=""
  fictionOrNonFiction=""
  isGenreDisabled={true}
  lastName=""
  onAmazonURLChange={[Function]}
  onAsinChange={[Function]}
  onAuthorBioChange={[Function]}
  onBack={[Function]}
  onDatesChange={[Function]}
  onDescriptionChange={[Function]}
  onEmailChange={[Function]}
  onFirstNameChange={[Function]}
  onFocusChange={[Function]}
  onGenreChange={[Function]}
  onFictionOrNonFictionChange={[Function]}
  onLastNameChange={[Function]}
  onPriceChange={[Function]}
  onPromoTypeChange={[Function]}
  onSubGenreChange={[Function]}
  onSubmitAlertsPage1={[Function]}
  onSubmitAlertsPage2={[Function]}
  onSubmitAlertsPage3={[Function]}
  onTitleChange={[Function]}
  price=""
  promoType=""
  startDate={"2017-02-14T12:51:48.000Z"}
  subGenre=""
  title=""
/>
`;
