// Jest Snapshot v1, https://goo.gl/fbAQLP

exports[`should render AlertsSubmitter correctly 1`] = `
<AlertsComponent
  alertMe={
    Object {
      "On the date": false,
      "One week before": false,
      "Two weeks before": false,
    }
  }
  amazonUrl=""
  calendarFocused={false}
  currentPage="AlertsPage"
  date={"2017-02-14T12:51:48.000Z"}
  email=""
  email2=""
  error={
    Object {
      "alertMe": "",
      "amazonUrl": "",
      "email": "",
      "email2": "",
      "message": "",
      "notes": "",
    }
  }
  notes=""
  onAlertMeChange={[Function]}
  onAmazonUrlChange={[Function]}
  onDateChange={[Function]}
  onEmail2Change={[Function]}
  onEmailChange={[Function]}
  onFocusChange={[Function]}
  onNotesChange={[Function]}
  onSubmitAlert={[Function]}
/>
`;
