// Jest Snapshot v1, https://goo.gl/fbAQLP

exports[`should render PromoSubmitter correctly 1`] = `
ShallowWrapper {
  "length": 1,
  Symbol(enzyme.__root__): [Circular],
  Symbol(enzyme.__unrendered__): <PromoSubmitter />,
  Symbol(enzyme.__renderer__): Object {
    "batchedUpdates": [Function],
    "getNode": [Function],
    "render": [Function],
    "simulateEvent": [Function],
    "unmount": [Function],
  },
  Symbol(enzyme.__node__): Object {
    "instance": null,
    "key": undefined,
    "nodeType": "host",
    "props": Object {
      "children": Array [
        <h4>
          Promotion Submitter
        </h4>,
        <BookDetailsOne
          ASIN=""
          amazonURL=""
          email=""
          error=""
          firstName=""
          genre=""
          isFiction=""
          lastName=""
          onASINChange={[Function]}
          onAmazonURLChange={[Function]}
          onEmailChange={[Function]}
          onFirstNameChange={[Function]}
          onGenreChange={[Function]}
          onIsFictionChange={[Function]}
          onLastNameChange={[Function]}
          onPriceChange={[Function]}
          onSubGenreChange={[Function]}
          onSubmit={[Function]}
          onTitleChange={[Function]}
          price=""
          subGenre=""
          title=""
        />,
        false,
        false,
        false,
      ],
    },
    "ref": null,
    "rendered": Array [
      Object {
        "instance": null,
        "key": undefined,
        "nodeType": "host",
        "props": Object {
          "children": "Promotion Submitter",
        },
        "ref": null,
        "rendered": "Promotion Submitter",
        "type": "h4",
      },
      Object {
        "instance": null,
        "key": undefined,
        "nodeType": "function",
        "props": Object {
          "ASIN": "",
          "amazonURL": "",
          "email": "",
          "error": "",
          "firstName": "",
          "genre": "",
          "isFiction": "",
          "lastName": "",
          "onASINChange": [Function],
          "onAmazonURLChange": [Function],
          "onEmailChange": [Function],
          "onFirstNameChange": [Function],
          "onGenreChange": [Function],
          "onIsFictionChange": [Function],
          "onLastNameChange": [Function],
          "onPriceChange": [Function],
          "onSubGenreChange": [Function],
          "onSubmit": [Function],
          "onTitleChange": [Function],
          "price": "",
          "subGenre": "",
          "title": "",
        },
        "ref": null,
        "rendered": null,
        "type": [Function],
      },
      false,
      false,
      false,
    ],
    "type": "div",
  },
  Symbol(enzyme.__nodes__): Array [
    Object {
      "instance": null,
      "key": undefined,
      "nodeType": "host",
      "props": Object {
        "children": Array [
          <h4>
            Promotion Submitter
          </h4>,
          <BookDetailsOne
            ASIN=""
            amazonURL=""
            email=""
            error=""
            firstName=""
            genre=""
            isFiction=""
            lastName=""
            onASINChange={[Function]}
            onAmazonURLChange={[Function]}
            onEmailChange={[Function]}
            onFirstNameChange={[Function]}
            onGenreChange={[Function]}
            onIsFictionChange={[Function]}
            onLastNameChange={[Function]}
            onPriceChange={[Function]}
            onSubGenreChange={[Function]}
            onSubmit={[Function]}
            onTitleChange={[Function]}
            price=""
            subGenre=""
            title=""
          />,
          false,
          false,
          false,
        ],
      },
      "ref": null,
      "rendered": Array [
        Object {
          "instance": null,
          "key": undefined,
          "nodeType": "host",
          "props": Object {
            "children": "Promotion Submitter",
          },
          "ref": null,
          "rendered": "Promotion Submitter",
          "type": "h4",
        },
        Object {
          "instance": null,
          "key": undefined,
          "nodeType": "function",
          "props": Object {
            "ASIN": "",
            "amazonURL": "",
            "email": "",
            "error": "",
            "firstName": "",
            "genre": "",
            "isFiction": "",
            "lastName": "",
            "onASINChange": [Function],
            "onAmazonURLChange": [Function],
            "onEmailChange": [Function],
            "onFirstNameChange": [Function],
            "onGenreChange": [Function],
            "onIsFictionChange": [Function],
            "onLastNameChange": [Function],
            "onPriceChange": [Function],
            "onSubGenreChange": [Function],
            "onSubmit": [Function],
            "onTitleChange": [Function],
            "price": "",
            "subGenre": "",
            "title": "",
          },
          "ref": null,
          "rendered": null,
          "type": [Function],
        },
        false,
        false,
        false,
      ],
      "type": "div",
    },
  ],
  Symbol(enzyme.__options__): Object {
    "adapter": ReactSixteenAdapter {
      "options": Object {
        "enableComponentDidUpdateOnSetState": true,
      },
    },
  },
}
`;
