// Jest Snapshot v1, https://goo.gl/fbAQLP

exports[`should render PressReleasePage3 correctly 1`] = `
<Card
  className="animated fadeIn"
  tag="div"
>
  <CardHeader
    tag="div"
  >
    <h4>
      <strong>
        Press Release - 3 of 3
      </strong>
    </h4>
  </CardHeader>
  <CardBody
    tag="div"
  >
    <Form
      tag="form"
    >
      <Website
        hasError={false}
        label="Website"
      />
      <Keywords
        hasError={false}
        label="Keywords"
      />
      <ReleaseText
        hasError={false}
        label="Press Release*"
      />
      <Button
        color="basic"
        size="sm"
        tag="button"
      >
        Go Back
      </Button>
      <Button
        color="primary"
        size="sm"
        tag="button"
        type="submit"
        value="Submit"
      >
        Next Section
      </Button>
    </Form>
  </CardBody>
</Card>
`;
