// Jest Snapshot v1, https://goo.gl/fbAQLP

exports[`should render AlertsComponent correctly 1`] = `
<Row
  tag="div"
>
  <Col
    sm="3"
    tag="div"
    widths={
      Array [
        "xs",
        "sm",
        "md",
        "lg",
        "xl",
      ]
    }
  />
  <Col
    sm="6"
    tag="div"
    widths={
      Array [
        "xs",
        "sm",
        "md",
        "lg",
        "xl",
      ]
    }
    xs="12"
  />
</Row>
`;
