// Jest Snapshot v1, https://goo.gl/fbAQLP

exports[`should render SocialMediaComponent correctly 1`] = `
<Row
  tag="div"
>
  <Col
    sm={
      Object {
        "offset": 2,
        "size": 8,
      }
    }
    tag="div"
    widths={
      Array [
        "xs",
        "sm",
        "md",
        "lg",
        "xl",
      ]
    }
    xs="12"
  />
</Row>
`;
