// Jest Snapshot v1, https://goo.gl/fbAQLP

exports[`should render ReleaseSubmitter correctly 1`] = `
<ReleaseComponent
  amazonUrl=""
  calendarFocus={null}
  currentPage="ReleasePage1"
  email=""
  endDate={null}
  error={
    Object {
      "amazonUrl": "",
      "email": "",
      "genre": "",
      "keywords": "",
      "message": "",
      "nonFictionOrFiction": "",
      "price": "",
      "promoType": "",
      "releaseText": "",
      "website": "",
    }
  }
  genre="Please select"
  keywords=""
  nonFictionOrFiction="Non-fiction"
  onAmazonUrlChange={[Function]}
  onBack={[Function]}
  onDatesChange={[Function]}
  onEmailChange={[Function]}
  onFocusChange={[Function]}
  onGenreChange={[Function]}
  onKeywordsChange={[Function]}
  onNonFictionOrFictionChange={[Function]}
  onPriceChange={[Function]}
  onPromoTypeChange={[Function]}
  onReleaseTextChange={[Function]}
  onSubGenreChange={[Function]}
  onSubmitReleasePage1={[Function]}
  onSubmitReleasePage2={[Function]}
  onSubmitReleasePage3={[Function]}
  onWebsiteChange={[Function]}
  price=""
  promoType="Free (Limited Time)"
  releaseText=""
  startDate={null}
  subGenre=""
  website=""
/>
`;
