// Jest Snapshot v1, https://goo.gl/fbAQLP

exports[`should render PressReleaseSubmitter correctly 1`] = `
<PressReleaseComponent
  amazonUrl=""
  calendarFocus={null}
  currentPage="PressReleasePage1"
  email=""
  endDate={null}
  error={
    Object {
      "amazonUrl": "",
      "email": "",
      "fictionOrNonFiction": "",
      "genre": "",
      "keywords": "",
      "message": "",
      "price": "",
      "promoType": "",
      "releaseText": "",
      "website": "",
    }
  }
  fictionOrNonFiction=""
  genre=""
  keywords=""
  onAmazonUrlChange={[Function]}
  onBack={[Function]}
  onDatesChange={[Function]}
  onEmailChange={[Function]}
  onFictionOrNonFictionChange={[Function]}
  onFocusChange={[Function]}
  onGenreChange={[Function]}
  onKeywordsChange={[Function]}
  onPriceChange={[Function]}
  onPromoTypeChange={[Function]}
  onReleaseTextChange={[Function]}
  onSubGenreChange={[Function]}
  onSubmitPressReleasePage1={[Function]}
  onSubmitPressReleasePage2={[Function]}
  onSubmitPressReleasePage3={[Function]}
  onWebsiteChange={[Function]}
  price=""
  promoType=""
  releaseText=""
  startDate={null}
  subGenre=""
  website=""
/>
`;
