// Jest Snapshot v1, https://goo.gl/fbAQLP

exports[`should render PromoPage3 correctly 1`] = `
<Card
  className="animated fadeIn"
  tag="div"
>
  <CardHeader
    tag="div"
  >
    <h4>
      <strong>
        Book Promo - 3 of 3
      </strong>
    </h4>
  </CardHeader>
  <CardBody
    tag="div"
  >
    <Form
      tag="form"
    >
      <Description
        errorMessage=""
        hasError={false}
        label="Promotional Book Description (Max 2,000 characters)*"
      />
      <AuthorBio
        errorMessage=""
        hasError={false}
        label="Author Biography:*"
      />
      <Button
        className=".back-button"
        color="basic"
        size="sm"
        tag="button"
      >
        Go Back
      </Button>
      <Button
        color="primary"
        size="sm"
        tag="button"
        type="submit"
        value="Submit"
      >
        Submit
      </Button>
    </Form>
  </CardBody>
</Card>
`;
