// Jest Snapshot v1, https://goo.gl/fbAQLP

exports[`should render SocialMediaSubmitter correctly 1`] = `
<SocialMediaComponent
  amazonURL=""
  calendarFocus={null}
  currentPage="SocialMediaPage1"
  email=""
  endDate={null}
  error={
    Object {
      "amazonURL": "",
      "email": "",
      "facebook": "",
      "fictionOrNonFiction": "",
      "genre": "",
      "keywords": "",
      "message": "",
      "notes": "",
      "regPrice": "",
      "salePrice": "",
      "tweet": "",
    }
  }
  facebook=""
  fictionOrNonFiction=""
  genre=""
  keywords=""
  notes=""
  onAmazonURLChange={[Function]}
  onBack={[Function]}
  onDatesChange={[Function]}
  onEmailChange={[Function]}
  onFacebookChange={[Function]}
  onFictionOrNonFictionChange={[Function]}
  onFocusChange={[Function]}
  onGenreChange={[Function]}
  onKeywordsChange={[Function]}
  onNotesChange={[Function]}
  onRegPriceChange={[Function]}
  onSalePriceChange={[Function]}
  onSubGenreChange={[Function]}
  onSubmitSocialMediaPage1={[Function]}
  onSubmitSocialMediaPage2={[Function]}
  onSubmitSocialMediaPage3={[Function]}
  onTweetChange={[Function]}
  regPrice=""
  salePrice=""
  startDate={null}
  subGenre=""
  tweet=""
/>
`;
