// Jest Snapshot v1, https://goo.gl/fbAQLP

exports[`should render Footer correctly 1`] = `
ShallowWrapper {
  "length": 1,
  Symbol(enzyme.__root__): [Circular],
  Symbol(enzyme.__unrendered__): <Footer />,
  Symbol(enzyme.__renderer__): Object {
    "batchedUpdates": [Function],
    "getNode": [Function],
    "render": [Function],
    "simulateEvent": [Function],
    "unmount": [Function],
  },
  Symbol(enzyme.__node__): Object {
    "instance": null,
    "key": undefined,
    "nodeType": "host",
    "props": Object {
      "children": Array [
        <span>
          <a
            href="http://coreui.io"
          >
            CoreUI
          </a>
           © 2018 creativeLabs.
        </span>,
        <span
          className="ml-auto"
        >
          Powered by 
          <a
            href="http://coreui.io"
          >
            CoreUI
          </a>
        </span>,
      ],
      "className": "app-footer",
    },
    "ref": null,
    "rendered": Array [
      Object {
        "instance": null,
        "key": undefined,
        "nodeType": "host",
        "props": Object {
          "children": Array [
            <a
              href="http://coreui.io"
            >
              CoreUI
            </a>,
            " © 2018 creativeLabs.",
          ],
        },
        "ref": null,
        "rendered": Array [
          Object {
            "instance": null,
            "key": undefined,
            "nodeType": "host",
            "props": Object {
              "children": "CoreUI",
              "href": "http://coreui.io",
            },
            "ref": null,
            "rendered": "CoreUI",
            "type": "a",
          },
          " © 2018 creativeLabs.",
        ],
        "type": "span",
      },
      Object {
        "instance": null,
        "key": undefined,
        "nodeType": "host",
        "props": Object {
          "children": Array [
            "Powered by ",
            <a
              href="http://coreui.io"
            >
              CoreUI
            </a>,
          ],
          "className": "ml-auto",
        },
        "ref": null,
        "rendered": Array [
          "Powered by ",
          Object {
            "instance": null,
            "key": undefined,
            "nodeType": "host",
            "props": Object {
              "children": "CoreUI",
              "href": "http://coreui.io",
            },
            "ref": null,
            "rendered": "CoreUI",
            "type": "a",
          },
        ],
        "type": "span",
      },
    ],
    "type": "footer",
  },
  Symbol(enzyme.__nodes__): Array [
    Object {
      "instance": null,
      "key": undefined,
      "nodeType": "host",
      "props": Object {
        "children": Array [
          <span>
            <a
              href="http://coreui.io"
            >
              CoreUI
            </a>
             © 2018 creativeLabs.
          </span>,
          <span
            className="ml-auto"
          >
            Powered by 
            <a
              href="http://coreui.io"
            >
              CoreUI
            </a>
          </span>,
        ],
        "className": "app-footer",
      },
      "ref": null,
      "rendered": Array [
        Object {
          "instance": null,
          "key": undefined,
          "nodeType": "host",
          "props": Object {
            "children": Array [
              <a
                href="http://coreui.io"
              >
                CoreUI
              </a>,
              " © 2018 creativeLabs.",
            ],
          },
          "ref": null,
          "rendered": Array [
            Object {
              "instance": null,
              "key": undefined,
              "nodeType": "host",
              "props": Object {
                "children": "CoreUI",
                "href": "http://coreui.io",
              },
              "ref": null,
              "rendered": "CoreUI",
              "type": "a",
            },
            " © 2018 creativeLabs.",
          ],
          "type": "span",
        },
        Object {
          "instance": null,
          "key": undefined,
          "nodeType": "host",
          "props": Object {
            "children": Array [
              "Powered by ",
              <a
                href="http://coreui.io"
              >
                CoreUI
              </a>,
            ],
            "className": "ml-auto",
          },
          "ref": null,
          "rendered": Array [
            "Powered by ",
            Object {
              "instance": null,
              "key": undefined,
              "nodeType": "host",
              "props": Object {
                "children": "CoreUI",
                "href": "http://coreui.io",
              },
              "ref": null,
              "rendered": "CoreUI",
              "type": "a",
            },
          ],
          "type": "span",
        },
      ],
      "type": "footer",
    },
  ],
  Symbol(enzyme.__options__): Object {
    "adapter": ReactSixteenAdapter {
      "options": Object {
        "enableComponentDidUpdateOnSetState": true,
      },
    },
  },
}
`;
