// Jest Snapshot v1, https://goo.gl/fbAQLP

exports[`should render PromoPage1 correctly 1`] = `
<Card
  className="animated fadeIn"
  tag="div"
>
  <CardHeader
    tag="div"
  >
    <h4>
      <strong>
        Book Promo - 1 of 3
      </strong>
    </h4>
  </CardHeader>
  <CardBody
    tag="div"
  >
    <Form
      tag="form"
    >
      <Title
        errorMessage=""
        hasError={false}
      />
      <ASIN
        errorMessage=""
        hasError={false}
      />
      <AmazonURL
        errorMessage=""
        hasError={false}
      />
      <FictionOrNonFiction
        errorMessage=""
        hasError={false}
      />
      <SubGenre
        hasError={false}
      />
      <FirstName
        errorMessage=""
        hasError={false}
      />
      <LastName
        errorMessage=""
        hasError={false}
      />
      <Email
        errorMessage=""
        hasError={false}
      />
      <Button
        color="primary"
        size="sm"
        tag="button"
        type="submit"
        value="Submit"
      >
        Next Section
      </Button>
    </Form>
  </CardBody>
</Card>
`;
