// Jest Snapshot v1, https://goo.gl/fbAQLP

exports[`should render AlertsPage correctly 1`] = `
<Card
  className="animated fadeIn"
  tag="div"
>
  <CardHeader
    tag="div"
  >
    <h4>
      <strong>
        Create an Alert
      </strong>
    </h4>
  </CardHeader>
  <CardBody
    tag="div"
  >
    <Form
      tag="form"
    >
      <AmazonURL
        hasError={false}
        label="Amazon URL"
      />
      <AlertMe
        hasError={false}
        label="Alert Me*"
      />
      <SingleDate
        label="Alert Date*"
      />
      <Notes
        hasError={false}
        label="Notes/Other Info*"
      />
      <Email
        hasError={false}
        label="Email to notify*"
      />
      <Email
        hasError={false}
        label="Secondary email to notify"
      />
      <Button
        color="primary"
        size="sm"
        tag="button"
        type="submit"
        value="Submit"
      >
        Submit
      </Button>
    </Form>
  </CardBody>
</Card>
`;
