// Jest Snapshot v1, https://goo.gl/fbAQLP

exports[`should render PromoSubmitter correctly 1`] = `
<PromoComponent
  amazonUrl=""
  authorBio=""
  calendarFocus={null}
  currentPage="PromoPage1"
  description=""
  email=""
  endDate={"2017-02-14T12:51:48.000Z"}
  error={
    Object {
      "amazonUrl": "",
      "authorBio": "",
      "datePicker": "",
      "description": "",
      "email": "",
      "genre": "",
      "message": "",
      "nonFictionOrFiction": "",
      "price": "",
      "promoType": "",
    }
  }
  genre="Please select"
  nonFictionOrFiction="Non-fiction"
  onAmazonUrlChange={[Function]}
  onAuthorBioChange={[Function]}
  onBack={[Function]}
  onDatesChange={[Function]}
  onDescriptionChange={[Function]}
  onEmailChange={[Function]}
  onFocusChange={[Function]}
  onGenreChange={[Function]}
  onNonFictionOrFictionChange={[Function]}
  onPriceChange={[Function]}
  onPromoTypeChange={[Function]}
  onSubGenreChange={[Function]}
  onSubmitPromoPage1={[Function]}
  onSubmitPromoPage2={[Function]}
  onSubmitPromoPage3={[Function]}
  price=""
  promoType="Free (Limited Time)"
  startDate={"2017-02-14T12:51:48.000Z"}
  subGenre=""
/>
`;
