// Jest Snapshot v1, https://goo.gl/fbAQLP

exports[`should render Sidebar correctly 1`] = `
<div
  className="sidebar"
>
  <SidebarHeader />
  <SidebarForm />
  <nav
    className="sidebar-nav"
  >
    <Nav
      tag="ul"
      vertical={false}
    >
      <NavItem
        className=""
        key="0"
        tag="li"
      >
        <NavLink
          activeClassName="active"
          ariaCurrent="true"
          className="nav-link"
          onClick={[Function]}
          to="/dashboard"
        >
          <i
            className="icon-speedometer"
          />
          Dashboard
          <Badge
            className=""
            color="info"
            pill={false}
            tag="span"
          />
        </NavLink>
      </NavItem>
      <NavItem
        className=""
        key="1"
        tag="li"
      >
        <NavLink
          activeClassName="active"
          ariaCurrent="true"
          className="nav-link"
          onClick={[Function]}
          to="/promo-submitter"
        >
          <i
            className="icon-chart"
          />
          Promo Submitter
        </NavLink>
      </NavItem>
      <NavItem
        className=""
        key="2"
        tag="li"
      >
        <NavLink
          activeClassName="active"
          ariaCurrent="true"
          className="nav-link"
          onClick={[Function]}
          to="/social-media-submitter"
        >
          <i
            className="icon-people"
          />
          Social Media
        </NavLink>
      </NavItem>
      <NavItem
        className=""
        key="3"
        tag="li"
      >
        <NavLink
          activeClassName="active"
          ariaCurrent="true"
          className="nav-link"
          onClick={[Function]}
          to="/press-release-submitter"
        >
          <i
            className="icon-docs"
          />
          Press Release
        </NavLink>
      </NavItem>
      <NavItem
        className=""
        key="4"
        tag="li"
      >
        <NavLink
          activeClassName="active"
          ariaCurrent="true"
          className="nav-link"
          onClick={[Function]}
          to="/alerts-submitter"
        >
          <i
            className="icon-bell"
          />
          Alerts Submitter
        </NavLink>
      </NavItem>
      <NavItem
        className=""
        key="5"
        tag="li"
      >
        <NavLink
          activeClassName="active"
          ariaCurrent="true"
          className="nav-link"
          onClick={[Function]}
          to="/sales-estimator"
        >
          <i
            className="icon-wallet"
          />
          Sales Estimator
          <Badge
            className=""
            color="info"
            pill={false}
            tag="span"
          >
            NEW
          </Badge>
        </NavLink>
      </NavItem>
      <NavItem
        className=""
        key="6"
        tag="li"
      >
        <NavLink
          activeClassName="active"
          ariaCurrent="true"
          className="nav-link"
          onClick={[Function]}
          to="/quill-html-gen"
        >
          <i
            className="icon-docs"
          />
          Quill HTML Gen
        </NavLink>
      </NavItem>
      <NavItem
        className=""
        key="7"
        tag="li"
      >
        <NavLink
          activeClassName="active"
          ariaCurrent="true"
          className="nav-link"
          onClick={[Function]}
          to="/quill-the-works"
        >
          <i
            className="icon-docs"
          />
          Quill The Works
        </NavLink>
      </NavItem>
      <NavItem
        className=""
        key="8"
        tag="li"
      >
        <NavLink
          activeClassName="active"
          ariaCurrent="true"
          className="nav-link"
          onClick={[Function]}
          to="/draft-playground"
        >
          <i
            className="icon-docs"
          />
          Draft Playground
        </NavLink>
      </NavItem>
      <NavItem
        className=""
        key="9"
        tag="li"
      >
        <NavLink
          activeClassName="active"
          ariaCurrent="true"
          className="nav-link"
          onClick={[Function]}
          to="/playground"
        >
          <i
            className="fa fa-fort-awesome"
          />
          Playground
        </NavLink>
      </NavItem>
      <NavItem
        className=""
        key="10"
        tag="li"
      >
        <NavLink
          activeClassName="active"
          ariaCurrent="true"
          className="nav-link"
          onClick={[Function]}
          to="/playground2"
        >
          <i
            className="fa fa-fort-awesome"
          />
          Playground 2
        </NavLink>
      </NavItem>
    </Nav>
  </nav>
  <SidebarFooter />
  <SidebarMinimizer />
</div>
`;
